$ No such trader in the market.
$ No such trader in the market.
$ No such trader in the market.
$ No such trader in the market.
$ No such trader in the market.
$ No such trader in the market.
$ No such trader in the market.
$ No such order in sell book.
$ No such order in buy book.
$ No orders in either book in the market.
$ No traders in the market.
$ No trades have been completed.
$ No such trader in the market.
$ No trades have been completed with given product.
$ The sell book is empty.
$ The buy book is empty.
$ Have a nice day.
