$ Success.
$ Trader now has 12.00 units of APL.
$ $100.55
$ APL
$ 12.00
$ No trades could be made, order added to sell book.
$ 0000: SELL 10.00xAPL @ $1.56
$ 0000: SELL 10.00xAPL @ $1.56
$ Order successfully cancelled.
$ No trades could be made, order added to buy book.
$ 0001: BUY 10.00xNFL @ $1.00
$ Have a nice day.
