$ Success.
$ Trader with given ID already exists.
$ Initial balance cannot be negative.
$ Have a nice day.
