$ Success.
$ Trader now has 10.00 units of DEF.
$ 10.00
$ Have a nice day.
