$ Success.
$ Trader now has 10.00 units of DEF.
$ Product not in inventory.
$ No such trader in the market.
$ Have a nice day.
