$ No such trader in the market.
$ Have a nice day.
