$ Success.
$ No trades could be made, order added to buy book.
$ No trades could be made, order added to buy book.
$ 0001: BUY 5.00xABC @ $2.00
0002: BUY 5.00xABC @ $2.50
$ Have a nice day.
