$ No such trader in the market.
$ Success.
$ No trades could be made, order added to buy book.
$ Have a nice day.
