$ Success.
$ No trades could be made, order added to buy book.
$ Order successfully cancelled.
$ Have a nice day.
