$ Success.
$ Trader now has 10.00 units of ABC.
$ No trades could be made, order added to sell book.
$ Order successfully cancelled.
$ Have a nice day.
