$ Success.
$ Trader now has 10.00 units of DEF.
$ Could not export product out of market.
$ Could not export product out of market.
$ Could not export product out of market.
$ No such trader in the market.
$ Have a nice day.
