$ Success.
$ Trader now has 11.00 units of DEF.
$ Trader now has 1.00 units of DEF.
$ Have a nice day.
