$ Success.
$ Trader now has 10.00 units of DEF.
$ Have a nice day.
