$ Success.
$ Could not import product into market.
$ Could not import product into market.
$ No such trader in the market.
$ Have a nice day.
