$ Success.
$ Trader now has 10.00 units of DEF.
$ Trader now has 10.00 units of ABC.
$ ABC
DEF
$ Have a nice day.
