$ Success.
$ Trader has an empty inventory.
$ No such trader in the market.
$ Have a nice day.
