$ No orders in either book in the market.
$ Success.
$ No trades could be made, order added to buy book.
$ Order is not present in either order book.
$ Have a nice day.
