$ Success.
$ No trades could be made, order added to buy book.
$ 0000: BUY 10.00xABC @ $1.00
$ Have a nice day.
