$ No such trader in the market.
$ Success.
$ Trader now has 10.00 units of ABC.
$ Order could not be placed onto the market.
$ Have a nice day.
