$ Success.
$ Success.
$ Trader now has 10.00 units of ABC.
$ No trades could be made, order added to sell book.
$ Order could not be placed onto the market.
$ Product bought in entirety, trades as follows:
trader2->trader1: 10.00xABC for $2.00.
$ trader2->trader1: 10.00xABC for $2.00.
$ Have a nice day.
