$ No trades have been completed with given product.
$ Have a nice day.
