$ Success.
$ No trades have been completed by trader.
$ No such trader in the market.
$ Have a nice day.

