$ Success.
$ Success.
$ trader1
trader2
$ Have a nice day.
