$ No trades have been completed.
$ Have a nice day.
